Archive member included to satisfy reference by file (symbol)

C:/ST/STM32CubeIDE_1.19.0/STM32CubeIDE/plugins/com.st.stm32cube.ide.mcu.externaltools.gnu-tools-for-stm32.13.3.rel1.win32_1.0.0.202411081344/tools/bin/../lib/gcc/arm-none-eabi/13.3.1/../../../../arm-none-eabi/lib/thumb/v7e-m+fp/hard\libc_nano.a(libc_a-exit.o)
                              C:/ST/STM32CubeIDE_1.19.0/STM32CubeIDE/plugins/com.st.stm32cube.ide.mcu.externaltools.gnu-tools-for-stm32.13.3.rel1.win32_1.0.0.202411081344/tools/bin/../lib/gcc/arm-none-eabi/13.3.1/../../../../arm-none-eabi/lib/thumb/v7e-m+fp/hard/crt0.o (exit)
C:/ST/STM32CubeIDE_1.19.0/STM32CubeIDE/plugins/com.st.stm32cube.ide.mcu.externaltools.gnu-tools-for-stm32.13.3.rel1.win32_1.0.0.202411081344/tools/bin/../lib/gcc/arm-none-eabi/13.3.1/../../../../arm-none-eabi/lib/thumb/v7e-m+fp/hard\libc_nano.a(libc_a-findfp.o)
                              C:/ST/STM32CubeIDE_1.19.0/STM32CubeIDE/plugins/com.st.stm32cube.ide.mcu.externaltools.gnu-tools-for-stm32.13.3.rel1.win32_1.0.0.202411081344/tools/bin/../lib/gcc/arm-none-eabi/13.3.1/../../../../arm-none-eabi/lib/thumb/v7e-m+fp/hard\libc_nano.a(libc_a-exit.o) (__stdio_exit_handler)
C:/ST/STM32CubeIDE_1.19.0/STM32CubeIDE/plugins/com.st.stm32cube.ide.mcu.externaltools.gnu-tools-for-stm32.13.3.rel1.win32_1.0.0.202411081344/tools/bin/../lib/gcc/arm-none-eabi/13.3.1/../../../../arm-none-eabi/lib/thumb/v7e-m+fp/hard\libc_nano.a(libc_a-fwalk.o)
                              C:/ST/STM32CubeIDE_1.19.0/STM32CubeIDE/plugins/com.st.stm32cube.ide.mcu.externaltools.gnu-tools-for-stm32.13.3.rel1.win32_1.0.0.202411081344/tools/bin/../lib/gcc/arm-none-eabi/13.3.1/../../../../arm-none-eabi/lib/thumb/v7e-m+fp/hard\libc_nano.a(libc_a-findfp.o) (_fwalk_sglue)
C:/ST/STM32CubeIDE_1.19.0/STM32CubeIDE/plugins/com.st.stm32cube.ide.mcu.externaltools.gnu-tools-for-stm32.13.3.rel1.win32_1.0.0.202411081344/tools/bin/../lib/gcc/arm-none-eabi/13.3.1/../../../../arm-none-eabi/lib/thumb/v7e-m+fp/hard\libc_nano.a(libc_a-stdio.o)
                              C:/ST/STM32CubeIDE_1.19.0/STM32CubeIDE/plugins/com.st.stm32cube.ide.mcu.externaltools.gnu-tools-for-stm32.13.3.rel1.win32_1.0.0.202411081344/tools/bin/../lib/gcc/arm-none-eabi/13.3.1/../../../../arm-none-eabi/lib/thumb/v7e-m+fp/hard\libc_nano.a(libc_a-findfp.o) (__sread)
C:/ST/STM32CubeIDE_1.19.0/STM32CubeIDE/plugins/com.st.stm32cube.ide.mcu.externaltools.gnu-tools-for-stm32.13.3.rel1.win32_1.0.0.202411081344/tools/bin/../lib/gcc/arm-none-eabi/13.3.1/../../../../arm-none-eabi/lib/thumb/v7e-m+fp/hard\libc_nano.a(libc_a-memset.o)
                              C:/ST/STM32CubeIDE_1.19.0/STM32CubeIDE/plugins/com.st.stm32cube.ide.mcu.externaltools.gnu-tools-for-stm32.13.3.rel1.win32_1.0.0.202411081344/tools/bin/../lib/gcc/arm-none-eabi/13.3.1/../../../../arm-none-eabi/lib/thumb/v7e-m+fp/hard/crt0.o (memset)
C:/ST/STM32CubeIDE_1.19.0/STM32CubeIDE/plugins/com.st.stm32cube.ide.mcu.externaltools.gnu-tools-for-stm32.13.3.rel1.win32_1.0.0.202411081344/tools/bin/../lib/gcc/arm-none-eabi/13.3.1/../../../../arm-none-eabi/lib/thumb/v7e-m+fp/hard\libc_nano.a(libc_a-closer.o)
                              C:/ST/STM32CubeIDE_1.19.0/STM32CubeIDE/plugins/com.st.stm32cube.ide.mcu.externaltools.gnu-tools-for-stm32.13.3.rel1.win32_1.0.0.202411081344/tools/bin/../lib/gcc/arm-none-eabi/13.3.1/../../../../arm-none-eabi/lib/thumb/v7e-m+fp/hard\libc_nano.a(libc_a-stdio.o) (_close_r)
C:/ST/STM32CubeIDE_1.19.0/STM32CubeIDE/plugins/com.st.stm32cube.ide.mcu.externaltools.gnu-tools-for-stm32.13.3.rel1.win32_1.0.0.202411081344/tools/bin/../lib/gcc/arm-none-eabi/13.3.1/../../../../arm-none-eabi/lib/thumb/v7e-m+fp/hard\libc_nano.a(libc_a-reent.o)
                              C:/ST/STM32CubeIDE_1.19.0/STM32CubeIDE/plugins/com.st.stm32cube.ide.mcu.externaltools.gnu-tools-for-stm32.13.3.rel1.win32_1.0.0.202411081344/tools/bin/../lib/gcc/arm-none-eabi/13.3.1/../../../../arm-none-eabi/lib/thumb/v7e-m+fp/hard\libc_nano.a(libc_a-closer.o) (errno)
C:/ST/STM32CubeIDE_1.19.0/STM32CubeIDE/plugins/com.st.stm32cube.ide.mcu.externaltools.gnu-tools-for-stm32.13.3.rel1.win32_1.0.0.202411081344/tools/bin/../lib/gcc/arm-none-eabi/13.3.1/../../../../arm-none-eabi/lib/thumb/v7e-m+fp/hard\libc_nano.a(libc_a-impure.o)
                              C:/ST/STM32CubeIDE_1.19.0/STM32CubeIDE/plugins/com.st.stm32cube.ide.mcu.externaltools.gnu-tools-for-stm32.13.3.rel1.win32_1.0.0.202411081344/tools/bin/../lib/gcc/arm-none-eabi/13.3.1/../../../../arm-none-eabi/lib/thumb/v7e-m+fp/hard\libc_nano.a(libc_a-reent.o) (_impure_ptr)
C:/ST/STM32CubeIDE_1.19.0/STM32CubeIDE/plugins/com.st.stm32cube.ide.mcu.externaltools.gnu-tools-for-stm32.13.3.rel1.win32_1.0.0.202411081344/tools/bin/../lib/gcc/arm-none-eabi/13.3.1/../../../../arm-none-eabi/lib/thumb/v7e-m+fp/hard\libc_nano.a(libc_a-lseekr.o)
[...]
Memory Configuration

Name             Origin             Length             Attributes
CCMRAM           0x10000000         0x00010000         xrw
RAM              0x20000000         0x00020000         xrw
FLASH            0x08000000         0x00100000         xr
*default*        0x00000000         0xffffffff

Linker script and memory map

LOAD C:/ST/STM32CubeIDE_1.19.0/STM32CubeIDE/plugins/com.st.stm32cube.ide.mcu.externaltools.gnu-tools-for-stm32.13.3.rel1.win32_1.0.0.202411081344/tools/bin/../lib/gcc/arm-none-eabi/13.3.1/thumb/v7e-m+fp/hard/crti.o
LOAD C:/ST/STM32CubeIDE_1.19.0/STM32CubeIDE/plugins/com.st.stm32cube.ide.mcu.externaltools.gnu-tools-for-stm32.13.3.rel1.win32_1.0.0.202411081344/tools/bin/../lib/gcc/arm-none-eabi/13.3.1/thumb/v7e-m+fp/hard/crtbegin.o
LOAD C:/ST/STM32CubeIDE_1.19.0/STM32CubeIDE/plugins/com.st.stm32cube.ide.mcu.externaltools.gnu-tools-for-stm32.13.3.rel1.win32_1.0.0.202411081344/tools/bin/../lib/gcc/arm-none-eabi/13.3.1/../../../../arm-none-eabi/lib/thumb/v7e-m+fp/hard/crt0.o
LOAD ./Core/Src/flash_if.o
LOAD ./Core/Src/main.o
LOAD ./Core/Src/ringbuf.o
LOAD ./Core/Src/stm32f4xx_hal_msp.o
LOAD ./Core/Src/stm32f4xx_it.o
LOAD ./Core/Src/syscalls.o
LOAD ./Core/Src/sysmem.o
LOAD ./Core/Src/system_stm32f4xx.o
LOAD ./Core/Src/uart.o
LOAD ./Core/Src/xmodem.o
LOAD ./Core/Startup/startup_stm32f407vgtx.o
LOAD ./Drivers/STM32F4xx_HAL_Driver/Src/stm32f4xx_hal.o
LOAD ./Drivers/STM32F4xx_HAL_Driver/Src/stm32f4xx_hal_cortex.o
LOAD ./Drivers/STM32F4xx_HAL_Driver/Src/stm32f4xx_hal_dma.o
LOAD ./Drivers/STM32F4xx_HAL_Driver/Src/stm32f4xx_hal_dma_ex.o
LOAD ./Drivers/STM32F4xx_HAL_Driver/Src/stm32f4xx_hal_exti.o
LOAD ./Drivers/STM32F4xx_HAL_Driver/Src/stm32f4xx_hal_flash.o
LOAD ./Drivers/STM32F4xx_HAL_Driver/Src/stm32f4xx_hal_flash_ex.o
LOAD ./Drivers/STM32F4xx_HAL_Driver/Src/stm32f4xx_hal_flash_ramfunc.o
LOAD ./Drivers/STM32F4xx_HAL_Driver/Src/stm32f4xx_hal_gpio.o
LOAD ./Drivers/STM32F4xx_HAL_Driver/Src/stm32f4xx_hal_iwdg.o
LOAD ./Drivers/STM32F4xx_HAL_Driver/Src/stm32f4xx_hal_pwr.o
LOAD ./Drivers/STM32F4xx_HAL_Driver/Src/stm32f4xx_hal_pwr_ex.o
LOAD ./Drivers/STM32F4xx_HAL_Driver/Src/stm32f4xx_hal_rcc.o
LOAD ./Drivers/STM32F4xx_HAL_Driver/Src/stm32f4xx_hal_rcc_ex.o
LOAD ./Drivers/STM32F4xx_HAL_Driver/Src/stm32f4xx_hal_uart.o
START GROUP
LOAD C:/ST/STM32CubeIDE_1.19.0/STM32CubeIDE/plugins/com.st.stm32cube.ide.mcu.externaltools.gnu-tools-for-stm32.13.3.rel1.win32_1.0.0.202411081344/tools/bin/../lib/gcc/arm-none-eabi/13.3.1/../../../../arm-none-eabi/lib/thumb/v7e-m+fp/hard\libc_nano.a
LOAD C:/ST/STM32CubeIDE_1.19.0/STM32CubeIDE/plugins/com.st.stm32cube.ide.mcu.externaltools.gnu-tools-for-stm32.13.3.rel1.win32_1.0.0.202411081344/tools/bin/../lib/gcc/arm-none-eabi/13.3.1/../../../../arm-none-eabi/lib/thumb/v7e-m+fp/hard\libm.a
END GROUP
START GROUP
LOAD C:/ST/STM32CubeIDE_1.19.0/STM32CubeIDE/plugins/com.st.stm32cube.ide.mcu.externaltools.gnu-tools-for-stm32.13.3.rel1.win32_1.0.0.202411081344/tools/bin/../lib/gcc/arm-none-eabi/13.3.1/thumb/v7e-m+fp/hard\libgcc.a
LOAD C:/ST/STM32CubeIDE_1.19.0/STM32CubeIDE/plugins/com.st.stm32cube.ide.mcu.externaltools.gnu-tools-for-stm32.13.3.rel1.win32_1.0.0.202411081344/tools/bin/../lib/gcc/arm-none-eabi/13.3.1/../../../../arm-none-eabi/lib/thumb/v7e-m+fp/hard\libc_nano.a
END GROUP
START GROUP
LOAD C:/ST/STM32CubeIDE_1.19.0/STM32CubeIDE/plugins/com.st.stm32cube.ide.mcu.externaltools.gnu-tools-for-stm32.13.3.rel1.win32_1.0.0.202411081344/tools/bin/../lib/gcc/arm-none-eabi/13.3.1/thumb/v7e-m+fp/hard\libgcc.a
LOAD C:/ST/STM32CubeIDE_1.19.0/STM32CubeIDE/plugins/com.st.stm32cube.ide.mcu.externaltools.gnu-tools-for-stm32.13.3.rel1.win32_1.0.0.202411081344/tools/bin/../lib/gcc/arm-none-eabi/13.3.1/../../../../arm-none-eabi/lib/thumb/v7e-m+fp/hard\libc_nano.a
LOAD C:/ST/STM32CubeIDE_1.19.0/STM32CubeIDE/plugins/com.st.stm32cube.ide.mcu.externaltools.gnu-tools-for-stm32.13.3.rel1.win32_1.0.0.202411081344/tools/bin/../lib/gcc/arm-none-eabi/13.3.1/../../../../arm-none-eabi/lib/thumb/v7e-m+fp/hard\libnosys.a
END GROUP
START GROUP
LOAD C:/ST/STM32CubeIDE_1.19.0/STM32CubeIDE/plugins/com.st.stm32cube.ide.mcu.externaltools.gnu-tools-for-stm32.13.3.rel1.win32_1.0.0.202411081344/tools/bin/../lib/gcc/arm-none-eabi/13.3.1/thumb/v7e-m+fp/hard\libgcc.a
LOAD C:/ST/STM32CubeIDE_1.19.0/STM32CubeIDE/plugins/com.st.stm32cube.ide.mcu.externaltools.gnu-tools-for-stm32.13.3.rel1.win32_1.0.0.202411081344/tools/bin/../lib/gcc/arm-none-eabi/13.3.1/../../../../arm-none-eabi/lib/thumb/v7e-m+fp/hard\libc_nano.a
LOAD C:/ST/STM32CubeIDE_1.19.0/STM32CubeIDE/plugins/com.st.stm32cube.ide.mcu.externaltools.gnu-tools-for-stm32.13.3.rel1.win32_1.0.0.202411081344/tools/bin/../lib/gcc/arm-none-eabi/13.3.1/../../../../arm-none-eabi/lib/thumb/v7e-m+fp/hard\libnosys.a
END GROUP
LOAD C:/ST/STM32CubeIDE_1.19.0/STM32CubeIDE/plugins/com.st.stm32cube.ide.mcu.externaltools.gnu-tools-for-stm32.13.3.rel1.win32_1.0.0.202411081344/tools/bin/../lib/gcc/arm-none-eabi/13.3.1/thumb/v7e-m+fp/hard/crtend.o
LOAD C:/ST/STM32CubeIDE_1.19.0/STM32CubeIDE/plugins/com.st.stm32cube.ide.mcu.externaltools.gnu-tools-for-stm32.13.3.rel1.win32_1.0.0.202411081344/tools/bin/../lib/gcc/arm-none-eabi/13.3.1/thumb/v7e-m+fp/hard/crtn.o
                0x20020000                        _estack = (ORIGIN (RAM) + LENGTH (RAM))
                0x00000200                        _Min_Heap_Size = 0x200
                0x00000400                        _Min_Stack_Size = 0x400

.isr_vector     0x08000000      0x188
                0x08000000                        . = ALIGN (0x4)
 *(.isr_vector)
 .isr_vector    0x08000000      0x188 ./Core/Startup/startup_stm32f407vgtx.o
                0x08000000                g_pfnVectors
                0x08000188                        . = ALIGN (0x4)

.text           0x08000188     0x43c4
                0x08000188                        . = ALIGN (0x4)
 *(.text)
 .text          0x08000188       0x40 C:/ST/STM32CubeIDE_1.19.0/STM32CubeIDE/plugins/com.st.stm32cube.ide.mcu.externaltools.gnu-tools-for-stm32.13.3.rel1.win32_1.0.0.202411081344/tools/bin/../lib/gcc/arm-none-eabi/13.3.1/thumb/v7e-m+fp/hard/crtbegin.o
 .text          0x080001c8       0x30 C:/ST/STM32CubeIDE_1.19.0/STM32CubeIDE/plugins/com.st.stm32cube.ide.mcu.externaltools.gnu-tools-for-stm32.13.3.rel1.win32_1.0.0.202411081344/tools/bin/../lib/gcc/arm-none-eabi/13.3.1/thumb/v7e-m+fp/hard\libgcc.a(_aeabi_uldivmod.o)
                0x080001c8                __aeabi_uldivmod
 .text          0x080001f8      0x2f8 C:/ST/STM32CubeIDE_1.19.0/STM32CubeIDE/plugins/com.st.stm32cube.ide.mcu.externaltools.gnu-tools-for-stm32.13.3.rel1.win32_1.0.0.202411081344/tools/bin/../lib/gcc/arm-none-eabi/13.3.1/thumb/v7e-m+fp/hard\libgcc.a(_udivmoddi4.o)
                0x080001f8                __udivmoddi4
 .text          0x080004f0        0x4 C:/ST/STM32CubeIDE_1.19.0/STM32CubeIDE/plugins/com.st.stm32cube.ide.mcu.externaltools.gnu-tools-for-stm32.13.3.rel1.win32_1.0.0.202411081344/tools/bin/../lib/gcc/arm-none-eabi/13.3.1/thumb/v7e-m+fp/hard\libgcc.a(_dvmd_tls.o)
                0x080004f0                __aeabi_idiv0
                0x080004f0                __aeabi_ldiv0
 *(.text*)
 .text.FLASH_If_Init
                0x080004f4       0x18 ./Core/Src/flash_if.o
                0x080004f4                FLASH_If_Init
 .text.FLASH_If_Erase
                0x0800050c       0x4c ./Core/Src/flash_if.o
                0x0800050c                FLASH_If_Erase
 .text.FLASH_If_Write
                0x08000558       0x80 ./Core/Src/flash_if.o
                0x08000558                FLASH_If_Write
 .text.FLASH_If_GetWriteProtectionStatus
                0x080005d8       0x3a ./Core/Src/flash_if.o
                0x080005d8                FLASH_If_GetWriteProtectionStatus
 *fill*         0x08000612        0x2 
 .text.GetSector
                0x08000614      0x124 ./Core/Src/flash_if.o
 .text.flash_erase
                0x08000738       0x2e ./Core/Src/flash_if.o
                0x08000738                flash_erase
 *fill*         0x08000766        0x2 
 .text.flash_jump_to_app
                0x08000768       0x58 ./Core/Src/main.o
                0x08000768                flash_jump_to_app
 .text.main     0x080007c0      0x214 ./Core/Src/main.o
                0x080007c0                main
 .text.SystemClock_Config
                0x080009d4       0xd8 ./Core/Src/main.o
                0x080009d4                SystemClock_Config
 .text.MX_IWDG_Init
                0x08000aac       0x34 ./Core/Src/main.o
 .text.MX_UART4_Init
                0x08000ae0       0x54 ./Core/Src/main.o
 .text.MX_UART5_Init
                0x08000b34       0x54 ./Core/Src/main.o
 .text.MX_USART1_UART_Init
                0x08000b88       0x54 ./Core/Src/main.o
 .text.MX_GPIO_Init
                0x08000bdc      0x164 ./Core/Src/main.o
 .text.Error_Handler
                0x08000d40        0xc ./Core/Src/main.o
                0x08000d40                Error_Handler
 .text.ringbuf_get
                0x08000d4c       0x50 ./Core/Src/ringbuf.o
                0x08000d4c                ringbuf_get
 .text.ringbuf_put
                0x08000d9c       0x52 ./Core/Src/ringbuf.o
                0x08000d9c                ringbuf_put
 *fill*         0x08000dee        0x2 
 .text.HAL_MspInit
                0x08000df0       0x50 ./Core/Src/stm32f4xx_hal_msp.o
                0x08000df0                HAL_MspInit
 .text.HAL_UART_MspInit
                0x08000e40      0x1c8 ./Core/Src/stm32f4xx_hal_msp.o
                0x08000e40                HAL_UART_MspInit
 .text.NMI_Handler
                0x08001008        0x8 ./Core/Src/stm32f4xx_it.o
                0x08001008                NMI_Handler
 .text.HardFault_Handler
                0x08001010        0x8 ./Core/Src/stm32f4xx_it.o
                0x08001010                HardFault_Handler
 .text.MemManage_Handler
                0x08001018        0x8 ./Core/Src/stm32f4xx_it.o
                0x08001018                MemManage_Handler
 .text.BusFault_Handler
                0x08001020        0x8 ./Core/Src/stm32f4xx_it.o
                0x08001020                BusFault_Handler
 .text.UsageFault_Handler
                0x08001028        0x8 ./Core/Src/stm32f4xx_it.o
                0x08001028                UsageFault_Handler
 .text.SVC_Handler
                0x08001030        0xe ./Core/Src/stm32f4xx_it.o
                0x08001030                SVC_Handler
 .text.DebugMon_Handler
                0x0800103e        0xe ./Core/Src/stm32f4xx_it.o
                0x0800103e                DebugMon_Handler
 .text.PendSV_Handler
                0x0800104c        0xe ./Core/Src/stm32f4xx_it.o
                0x0800104c                PendSV_Handler
 .text.SysTick_Handler
                0x0800105a        0xc ./Core/Src/stm32f4xx_it.o
                0x0800105a                SysTick_Handler
 *fill*         0x08001066        0x2 
 .text.USART1_IRQHandler
                0x08001068       0x14 ./Core/Src/stm32f4xx_it.o
                0x08001068                USART1_IRQHandler
 .text.UART4_IRQHandler
                0x0800107c       0x14 ./Core/Src/stm32f4xx_it.o
                0x0800107c                UART4_IRQHandler
 .text.SystemInit
                0x08001090       0x24 ./Core/Src/system_stm32f4xx.o
                0x08001090                SystemInit
 .text.uart_receive
                0x080010b4       0x38 ./Core/Src/uart.o
                0x080010b4                uart_receive
 .text.uart_transmit_str
                0x080010ec       0x4c ./Core/Src/uart.o
                0x080010ec                uart_transmit_str
 .text.uart_transmit_ch
                0x08001138       0x48 ./Core/Src/uart.o
                0x08001138                uart_transmit_ch
 .text.uart5_transmit_ch
                0x08001180       0x48 ./Core/Src/uart.o
                0x08001180                uart5_transmit_ch
 .text.HAL_UART_RxCpltCallback
                0x080011c8       0x8c ./Core/Src/uart.o
                0x080011c8                HAL_UART_RxCpltCallback
 .text.uart4_interupt_set
                0x08001254       0x44 ./Core/Src/uart.o
                0x08001254                uart4_interupt_set
 .text.uart5_interupt_set
                0x08001298       0x44 ./Core/Src/uart.o
                0x08001298                uart5_interupt_set
 .text.xmodem_receive
                0x080012dc      0x148 ./Core/Src/xmodem.o
                0x080012dc                xmodem_receive
 .text.xmodem_calc_crc
                0x08001424       0x76 ./Core/Src/xmodem.o
 *fill*         0x0800149a        0x2 
 .text.xmodem_handle_packet
                0x0800149c      0x1f0 ./Core/Src/xmodem.o
 .text.xmodem_error_handler
                0x0800168c       0x4c ./Core/Src/xmodem.o
 .text.flash_write
                0x080016d8       0x36 ./Core/Src/xmodem.o
                0x080016d8                flash_write
 *fill*         0x0800170e        0x2 
 .text.Reset_Handler
                0x08001710       0x50 ./Core/Startup/startup_stm32f407vgtx.o
                0x08001710                Reset_Handler
 .text.Default_Handler
                0x08001760        0x2 ./Core/Startup/startup_stm32f407vgtx.o
                0x08001760                RTC_Alarm_IRQHandler
                0x08001760                HASH_RNG_IRQHandler
                0x08001760                EXTI2_IRQHandler
                0x08001760                TIM8_CC_IRQHandler
                0x08001760                TIM1_CC_IRQHandler
                0x08001760                DMA2_Stream5_IRQHandler
                0x08001760                DMA1_Stream5_IRQHandler
                0x08001760                PVD_IRQHandler
                0x08001760                SDIO_IRQHandler
                0x08001760                TAMP_STAMP_IRQHandler
                0x08001760                CAN2_RX1_IRQHandler
                0x08001760                EXTI3_IRQHandler
                0x08001760                TIM8_TRG_COM_TIM14_IRQHandler
                0x08001760                TIM1_UP_TIM10_IRQHandler
                0x08001760                TIM8_UP_TIM13_IRQHandler
                0x08001760                I2C3_ER_IRQHandler
                0x08001760                EXTI0_IRQHandler
                0x08001760                I2C2_EV_IRQHandler
                0x08001760                DMA1_Stream2_IRQHandler
                0x08001760                CAN1_RX0_IRQHandler
                0x08001760                FPU_IRQHandler
                0x08001760                OTG_HS_WKUP_IRQHandler
                0x08001760                CAN2_SCE_IRQHandler
                0x08001760                DMA2_Stream2_IRQHandler
                0x08001760                SPI1_IRQHandler
                0x08001760                TIM6_DAC_IRQHandler
                0x08001760                TIM1_BRK_TIM9_IRQHandler
                0x08001760                DCMI_IRQHandler
                0x08001760                CAN2_RX0_IRQHandler
                0x08001760                DMA2_Stream3_IRQHandler
                0x08001760                USART6_IRQHandler
                0x08001760                USART3_IRQHandler
                0x08001760                CAN1_RX1_IRQHandler
                0x08001760                UART5_IRQHandler
                0x08001760                DMA2_Stream0_IRQHandler
                0x08001760                TIM4_IRQHandler
                0x08001760                I2C1_EV_IRQHandler
                0x08001760                DMA1_Stream6_IRQHandler
                0x08001760                DMA1_Stream1_IRQHandler
                0x08001760                TIM3_IRQHandler
                0x08001760                RCC_IRQHandler
                0x08001760                TIM8_BRK_TIM12_IRQHandler
                0x08001760                Default_Handler
                0x08001760                EXTI15_10_IRQHandler
                0x08001760                ADC_IRQHandler
                0x08001760                DMA1_Stream7_IRQHandler
                0x08001760                TIM7_IRQHandler
                0x08001760                CAN2_TX_IRQHandler
                0x08001760                TIM5_IRQHandler
                0x08001760                DMA2_Stream7_IRQHandler
                0x08001760                I2C3_EV_IRQHandler
                0x08001760                EXTI9_5_IRQHandler
                0x08001760                RTC_WKUP_IRQHandler
                0x08001760                ETH_WKUP_IRQHandler
                0x08001760                SPI2_IRQHandler
                0x08001760                OTG_HS_EP1_IN_IRQHandler
                0x08001760                DMA1_Stream0_IRQHandler
                0x08001760                CAN1_TX_IRQHandler
                0x08001760                EXTI4_IRQHandler
                0x08001760                FSMC_IRQHandler
                0x08001760                ETH_IRQHandler
                0x08001760                OTG_HS_EP1_OUT_IRQHandler
                0x08001760                WWDG_IRQHandler
                0x08001760                TIM2_IRQHandler
                0x08001760                OTG_FS_WKUP_IRQHandler
                0x08001760                TIM1_TRG_COM_TIM11_IRQHandler
                0x08001760                OTG_HS_IRQHandler
                0x08001760                EXTI1_IRQHandler
                0x08001760                USART2_IRQHandler
                0x08001760                I2C2_ER_IRQHandler
                0x08001760                DMA2_Stream1_IRQHandler
                0x08001760                CAN1_SCE_IRQHandler
                0x08001760                FLASH_IRQHandler
                0x08001760                DMA2_Stream4_IRQHandler
                0x08001760                OTG_FS_IRQHandler
                0x08001760                SPI3_IRQHandler
                0x08001760                DMA1_Stream4_IRQHandler
                0x08001760                I2C1_ER_IRQHandler
                0x08001760                DMA2_Stream6_IRQHandler
                0x08001760                DMA1_Stream3_IRQHandler
 *fill*         0x08001762        0x2 
 .text.HAL_Init
                0x08001764       0x44 ./Drivers/STM32F4xx_HAL_Driver/Src/stm32f4xx_hal.o
                0x08001764                HAL_Init
 .text.HAL_InitTick
                0x080017a8       0x60 ./Drivers/STM32F4xx_HAL_Driver/Src/stm32f4xx_hal.o
                0x080017a8                HAL_InitTick
 .text.HAL_IncTick
                0x08001808       0x28 ./Drivers/STM32F4xx_HAL_Driver/Src/stm32f4xx_hal.o
                0x08001808                HAL_IncTick
 .text.HAL_GetTick
                0x08001830       0x18 ./Drivers/STM32F4xx_HAL_Driver/Src/stm32f4xx_hal.o
                0x08001830                HAL_GetTick
 .text.HAL_Delay
                0x08001848       0x48 ./Drivers/STM32F4xx_HAL_Driver/Src/stm32f4xx_hal.o
                0x08001848                HAL_Delay
 .text.__NVIC_SetPriorityGrouping
                0x08001890       0x48 ./Drivers/STM32F4xx_HAL_Driver/Src/stm32f4xx_hal_cortex.o
 .text.__NVIC_GetPriorityGrouping
                0x080018d8       0x1c ./Drivers/STM32F4xx_HAL_Driver/Src/stm32f4xx_hal_cortex.o
 .text.__NVIC_EnableIRQ
                0x080018f4       0x3c ./Drivers/STM32F4xx_HAL_Driver/Src/stm32f4xx_hal_cortex.o
 .text.__NVIC_SetPriority
                0x08001930       0x54 ./Drivers/STM32F4xx_HAL_Driver/Src/stm32f4xx_hal_cortex.o
 .text.NVIC_EncodePriority
                0x08001984       0x66 ./Drivers/STM32F4xx_HAL_Driver/Src/stm32f4xx_hal_cortex.o
 *fill*         0x080019ea        0x2 
 .text.SysTick_Config
                0x080019ec       0x44 ./Drivers/STM32F4xx_HAL_Driver/Src/stm32f4xx_hal_cortex.o
 .text.HAL_NVIC_SetPriorityGrouping
                0x08001a30       0x16 ./Drivers/STM32F4xx_HAL_Driver/Src/stm32f4xx_hal_cortex.o
                0x08001a30                HAL_NVIC_SetPriorityGrouping
 .text.HAL_NVIC_SetPriority
                0x08001a46       0x38 ./Drivers/STM32F4xx_HAL_Driver/Src/stm32f4xx_hal_cortex.o
                0x08001a46                HAL_NVIC_SetPriority
 .text.HAL_NVIC_EnableIRQ
                0x08001a7e       0x1c ./Drivers/STM32F4xx_HAL_Driver/Src/stm32f4xx_hal_cortex.o
                0x08001a7e                HAL_NVIC_EnableIRQ
 .text.HAL_SYSTICK_Config
                0x08001a9a       0x18 ./Drivers/STM32F4xx_HAL_Driver/Src/stm32f4xx_hal_cortex.o
                0x08001a9a                HAL_SYSTICK_Config
 .text.HAL_DMA_Abort
                0x08001ab2       0xe0 ./Drivers/STM32F4xx_HAL_Driver/Src/stm32f4xx_hal_dma.o
                0x08001ab2                HAL_DMA_Abort
 .text.HAL_DMA_Abort_IT
                0x08001b92       0x44 ./Drivers/STM32F4xx_HAL_Driver/Src/stm32f4xx_hal_dma.o
                0x08001b92                HAL_DMA_Abort_IT
 .text.HAL_DMA_GetError
                0x08001bd6       0x18 ./Drivers/STM32F4xx_HAL_Driver/Src/stm32f4xx_hal_dma.o
                0x08001bd6                HAL_DMA_GetError
 *fill*         0x08001bee        0x2 
 .text.HAL_FLASH_Program
                0x08001bf0       0xa4 ./Drivers/STM32F4xx_HAL_Driver/Src/stm32f4xx_hal_flash.o
                0x08001bf0                HAL_FLASH_Program
 .text.HAL_FLASH_Unlock
                0x08001c94       0x44 ./Drivers/STM32F4xx_HAL_Driver/Src/stm32f4xx_hal_flash.o
                0x08001c94                HAL_FLASH_Unlock
 .text.HAL_FLASH_Lock
                0x08001cd8       0x20 ./Drivers/STM32F4xx_HAL_Driver/Src/stm32f4xx_hal_flash.o
                0x08001cd8                HAL_FLASH_Lock
 .text.FLASH_WaitForLastOperation
                0x08001cf8       0x80 ./Drivers/STM32F4xx_HAL_Driver/Src/stm32f4xx_hal_flash.o
                0x08001cf8                FLASH_WaitForLastOperation
 .text.FLASH_Program_DoubleWord
                0x08001d78       0x64 ./Drivers/STM32F4xx_HAL_Driver/Src/stm32f4xx_hal_flash.o
 .text.FLASH_Program_Word
                0x08001ddc       0x44 ./Drivers/STM32F4xx_HAL_Driver/Src/stm32f4xx_hal_flash.o
 .text.FLASH_Program_HalfWord
                0x08001e20       0x48 ./Drivers/STM32F4xx_HAL_Driver/Src/stm32f4xx_hal_flash.o
 .text.FLASH_Program_Byte
                0x08001e68       0x44 ./Drivers/STM32F4xx_HAL_Driver/Src/stm32f4xx_hal_flash.o
 .text.FLASH_SetErrorCode
                0x08001eac       0xac ./Drivers/STM32F4xx_HAL_Driver/Src/stm32f4xx_hal_flash.o
 .text.HAL_FLASHEx_Erase
                0x08001f58       0xdc ./Drivers/STM32F4xx_HAL_Driver/Src/stm32f4xx_hal_flash_ex.o
                0x08001f58                HAL_FLASHEx_Erase
 .text.HAL_FLASHEx_OBGetConfig
                0x08002034       0x46 ./Drivers/STM32F4xx_HAL_Driver/Src/stm32f4xx_hal_flash_ex.o
                0x08002034                HAL_FLASHEx_OBGetConfig
 *fill*         0x0800207a        0x2 
 .text.FLASH_MassErase
                0x0800207c       0x48 ./Drivers/STM32F4xx_HAL_Driver/Src/stm32f4xx_hal_flash_ex.o
 .text.FLASH_Erase_Sector
                0x080020c4       0x90 ./Drivers/STM32F4xx_HAL_Driver/Src/stm32f4xx_hal_flash_ex.o
                0x080020c4                FLASH_Erase_Sector
 .text.FLASH_OB_GetUser
                0x08002154       0x20 ./Drivers/STM32F4xx_HAL_Driver/Src/stm32f4xx_hal_flash_ex.o
 .text.FLASH_OB_GetWRP
                0x08002174       0x18 ./Drivers/STM32F4xx_HAL_Driver/Src/stm32f4xx_hal_flash_ex.o
 .text.FLASH_OB_GetRDP
                0x0800218c       0x40 ./Drivers/STM32F4xx_HAL_Driver/Src/stm32f4xx_hal_flash_ex.o
 .text.FLASH_OB_GetBOR
                0x080021cc       0x20 ./Drivers/STM32F4xx_HAL_Driver/Src/stm32f4xx_hal_flash_ex.o
 .text.FLASH_FlushCaches
                0x080021ec       0x8c ./Drivers/STM32F4xx_HAL_Driver/Src/stm32f4xx_hal_flash_ex.o
                0x080021ec                FLASH_FlushCaches
 .text.HAL_GPIO_Init
                0x08002278      0x338 ./Drivers/STM32F4xx_HAL_Driver/Src/stm32f4xx_hal_gpio.o
                0x08002278                HAL_GPIO_Init
 .text.HAL_GPIO_WritePin
                0x080025b0       0x32 ./Drivers/STM32F4xx_HAL_Driver/Src/stm32f4xx_hal_gpio.o
                0x080025b0                HAL_GPIO_WritePin
 .text.HAL_IWDG_Init
                0x080025e2       0x88 ./Drivers/STM32F4xx_HAL_Driver/Src/stm32f4xx_hal_iwdg.o
                0x080025e2                HAL_IWDG_Init
 *fill*         0x0800266a        0x2 
 .text.HAL_RCC_OscConfig
                0x0800266c      0x4f0 ./Drivers/STM32F4xx_HAL_Driver/Src/stm32f4xx_hal_rcc.o
                0x0800266c                HAL_RCC_OscConfig
 .text.HAL_RCC_ClockConfig
                0x08002b5c      0x1cc ./Drivers/STM32F4xx_HAL_Driver/Src/stm32f4xx_hal_rcc.o
                0x08002b5c                HAL_RCC_ClockConfig
 .text.HAL_RCC_GetSysClockFreq
                0x08002d28      0x18c ./Drivers/STM32F4xx_HAL_Driver/Src/stm32f4xx_hal_rcc.o
                0x08002d28                HAL_RCC_GetSysClockFreq
 .text.HAL_RCC_GetHCLKFreq
                0x08002eb4       0x18 ./Drivers/STM32F4xx_HAL_Driver/Src/stm32f4xx_hal_rcc.o
                0x08002eb4                HAL_RCC_GetHCLKFreq
 .text.HAL_RCC_GetPCLK1Freq
                0x08002ecc       0x28 ./Drivers/STM32F4xx_HAL_Driver/Src/stm32f4xx_hal_rcc.o
                0x08002ecc                HAL_RCC_GetPCLK1Freq
 .text.HAL_RCC_GetPCLK2Freq
                0x08002ef4       0x28 ./Drivers/STM32F4xx_HAL_Driver/Src/stm32f4xx_hal_rcc.o
                0x08002ef4                HAL_RCC_GetPCLK2Freq
 .text.HAL_UART_Init
                0x08002f1c       0xa0 ./Drivers/STM32F4xx_HAL_Driver/Src/stm32f4xx_hal_uart.o
                0x08002f1c                HAL_UART_Init
 .text.HAL_UART_Transmit
                0x08002fbc      0x116 ./Drivers/STM32F4xx_HAL_Driver/Src/stm32f4xx_hal_uart.o
                0x08002fbc                HAL_UART_Transmit
 .text.HAL_UART_Receive
                0x080030d2      0x12e ./Drivers/STM32F4xx_HAL_Driver/Src/stm32f4xx_hal_uart.o
                0x080030d2                HAL_UART_Receive
 .text.HAL_UART_Receive_IT
                0x08003200       0x4a ./Drivers/STM32F4xx_HAL_Driver/Src/stm32f4xx_hal_uart.o
                0x08003200                HAL_UART_Receive_IT
 .text.HAL_UART_Abort
                0x0800324a      0x1d6 ./Drivers/STM32F4xx_HAL_Driver/Src/stm32f4xx_hal_uart.o
                0x0800324a                HAL_UART_Abort
 .text.HAL_UART_AbortReceive_IT
                0x08003420      0x164 ./Drivers/STM32F4xx_HAL_Driver/Src/stm32f4xx_hal_uart.o
                0x08003420                HAL_UART_AbortReceive_IT
 .text.HAL_UART_IRQHandler
                0x08003584      0x554 ./Drivers/STM32F4xx_HAL_Driver/Src/stm32f4xx_hal_uart.o
                0x08003584                HAL_UART_IRQHandler
 .text.HAL_UART_TxCpltCallback
                0x08003ad8       0x14 ./Drivers/STM32F4xx_HAL_Driver/Src/stm32f4xx_hal_uart.o
                0x08003ad8                HAL_UART_TxCpltCallback
 .text.HAL_UART_ErrorCallback
                0x08003aec       0x14 ./Drivers/STM32F4xx_HAL_Driver/Src/stm32f4xx_hal_uart.o
                0x08003aec                HAL_UART_ErrorCallback
 .text.HAL_UART_AbortReceiveCpltCallback
                0x08003b00       0x14 ./Drivers/STM32F4xx_HAL_Driver/Src/stm32f4xx_hal_uart.o
                0x08003b00                HAL_UART_AbortReceiveCpltCallback
 .text.HAL_UARTEx_RxEventCallback
                0x08003b14       0x18 ./Drivers/STM32F4xx_HAL_Driver/Src/stm32f4xx_hal_uart.o
                0x08003b14                HAL_UARTEx_RxEventCallback
 .text.HAL_UART_GetState
                0x08003b2c       0x3c ./Drivers/STM32F4xx_HAL_Driver/Src/stm32f4xx_hal_uart.o
                0x08003b2c                HAL_UART_GetState
 .text.UART_WaitOnFlagUntilTimeout
                0x08003b68       0xb2 ./Drivers/STM32F4xx_HAL_Driver/Src/stm32f4xx_hal_uart.o
 .text.UART_Start_Receive_IT
                0x08003c1a       0x74 ./Drivers/STM32F4xx_HAL_Driver/Src/stm32f4xx_hal_uart.o
                0x08003c1a                UART_Start_Receive_IT
 .text.UART_EndRxTransfer
                0x08003c8e       0xc6 ./Drivers/STM32F4xx_HAL_Driver/Src/stm32f4xx_hal_uart.o
 .text.UART_DMAAbortOnError
                0x08003d54       0x22 ./Drivers/STM32F4xx_HAL_Driver/Src/stm32f4xx_hal_uart.o
 .text.UART_DMARxOnlyAbortCallback
                0x08003d76       0x30 ./Drivers/STM32F4xx_HAL_Driver/Src/stm32f4xx_hal_uart.o
 .text.UART_Transmit_IT
                0x08003da6       0xa0 ./Drivers/STM32F4xx_HAL_Driver/Src/stm32f4xx_hal_uart.o
 .text.UART_EndTransmit_IT
                0x08003e46       0x30 ./Drivers/STM32F4xx_HAL_Driver/Src/stm32f4xx_hal_uart.o
 .text.UART_Receive_IT
                0x08003e76      0x17c ./Drivers/STM32F4xx_HAL_Driver/Src/stm32f4xx_hal_uart.o
 *fill*         0x08003ff2        0x2 
 .text.UART_SetConfig
                0x08003ff4      0x4e8 ./Drivers/STM32F4xx_HAL_Driver/Src/stm32f4xx_hal_uart.o
 .text.memset   0x080044dc       0x10 C:/ST/STM32CubeIDE_1.19.0/STM32CubeIDE/plugins/com.st.stm32cube.ide.mcu.externaltools.gnu-tools-for-stm32.13.3.rel1.win32_1.0.0.202411081344/tools/bin/../lib/gcc/arm-none-eabi/13.3.1/../../../../arm-none-eabi/lib/thumb/v7e-m+fp/hard\libc_nano.a(libc_a-memset.o)
                0x080044dc                memset
 .text.__libc_init_array
                0x080044ec       0x48 C:/ST/STM32CubeIDE_1.19.0/STM32CubeIDE/plugins/com.st.stm32cube.ide.mcu.externaltools.gnu-tools-for-stm32.13.3.rel1.win32_1.0.0.202411081344/tools/bin/../lib/gcc/arm-none-eabi/13.3.1/../../../../arm-none-eabi/lib/thumb/v7e-m+fp/hard\libc_nano.a(libc_a-init.o)
                0x080044ec                __libc_init_array
 *(.glue_7)
 .glue_7        0x08004534        0x0 linker stubs
 *(.glue_7t)
 .glue_7t       0x08004534        0x0 linker stubs
 *(.eh_frame)
 .eh_frame      0x08004534        0x0 C:/ST/STM32CubeIDE_1.19.0/STM32CubeIDE/plugins/com.st.stm32cube.ide.mcu.externaltools.gnu-tools-for-stm32.13.3.rel1.win32_1.0.0.202411081344/tools/bin/../lib/gcc/arm-none-eabi/13.3.1/thumb/v7e-m+fp/hard/crtbegin.o
 *(.init)
 .init          0x08004534        0x4 C:/ST/STM32CubeIDE_1.19.0/STM32CubeIDE/plugins/com.st.stm32cube.ide.mcu.externaltools.gnu-tools-for-stm32.13.3.rel1.win32_1.0.0.202411081344/tools/bin/../lib/gcc/arm-none-eabi/13.3.1/thumb/v7e-m+fp/hard/crti.o
                0x08004534                _init
 .init          0x08004538        0x8 C:/ST/STM32CubeIDE_1.19.0/STM32CubeIDE/plugins/com.st.stm32cube.ide.mcu.externaltools.gnu-tools-for-stm32.13.3.rel1.win32_1.0.0.202411081344/tools/bin/../lib/gcc/arm-none-eabi/13.3.1/thumb/v7e-m+fp/hard/crtn.o
 *(.fini)
 .fini          0x08004540        0x4 C:/ST/STM32CubeIDE_1.19.0/STM32CubeIDE/plugins/com.st.stm32cube.ide.mcu.externaltools.gnu-tools-for-stm32.13.3.rel1.win32_1.0.0.202411081344/tools/bin/../lib/gcc/arm-none-eabi/13.3.1/thumb/v7e-m+fp/hard/crti.o
                0x08004540                _fini
 .fini          0x08004544        0x8 C:/ST/STM32CubeIDE_1.19.0/STM32CubeIDE/plugins/com.st.stm32cube.ide.mcu.externaltools.gnu-tools-for-stm32.13.3.rel1.win32_1.0.0.202411081344/tools/bin/../lib/gcc/arm-none-eabi/13.3.1/thumb/v7e-m+fp/hard/crtn.o
                0x0800454c                        . = ALIGN (0x4)
                0x0800454c                        _etext = .

.vfp11_veneer   0x0800454c        0x0
 .vfp11_veneer  0x0800454c        0x0 linker stubs

.v4_bx          0x0800454c        0x0
 .v4_bx         0x0800454c        0x0 linker stubs

.iplt           0x0800454c        0x0
 .iplt          0x0800454c        0x0 C:/ST/STM32CubeIDE_1.19.0/STM32CubeIDE/plugins/com.st.stm32cube.ide.mcu.externaltools.gnu-tools-for-stm32.13.3.rel1.win32_1.0.0.202411081344/tools/bin/../lib/gcc/arm-none-eabi/13.3.1/thumb/v7e-m+fp/hard/crtbegin.o

.rodata         0x0800454c      0x1ec
                0x0800454c                        . = ALIGN (0x4)
 *(.rodata)
 .rodata        0x0800454c      0x198 ./Core/Src/main.o
 .rodata        0x080046e4       0x39 ./Core/Src/xmodem.o
 *(.rodata*)
 *fill*         0x0800471d        0x3 
 .rodata.AHBPrescTable
                0x08004720       0x10 ./Core/Src/system_stm32f4xx.o
                0x08004720                AHBPrescTable
 .rodata.APBPrescTable
                0x08004730        0x8 ./Core/Src/system_stm32f4xx.o
                0x08004730                APBPrescTable
                0x08004738                        . = ALIGN (0x4)

.ARM.extab      0x08004738        0x0
                0x08004738                        . = ALIGN (0x4)
 *(.ARM.extab* .gnu.linkonce.armextab.*)
                0x08004738                        . = ALIGN (0x4)

.ARM            0x08004738        0x8
                0x08004738                        . = ALIGN (0x4)
                0x08004738                        __exidx_start = .
 *(.ARM.exidx*)
 .ARM.exidx     0x08004738        0x8 C:/ST/STM32CubeIDE_1.19.0/STM32CubeIDE/plugins/com.st.stm32cube.ide.mcu.externaltools.gnu-tools-for-stm32.13.3.rel1.win32_1.0.0.202411081344/tools/bin/../lib/gcc/arm-none-eabi/13.3.1/thumb/v7e-m+fp/hard\libgcc.a(_udivmoddi4.o)
                0x08004740                        __exidx_end = .
                0x08004740                        . = ALIGN (0x4)

.preinit_array  0x08004740        0x0
                0x08004740                        . = ALIGN (0x4)
                0x08004740                        PROVIDE (__preinit_array_start = .)
 *(.preinit_array*)
                0x08004740                        PROVIDE (__preinit_array_end = .)
                0x08004740                        . = ALIGN (0x4)

.init_array     0x08004740        0x4
                0x08004740                        . = ALIGN (0x4)
                0x08004740                        PROVIDE (__init_array_start = .)
 *(SORT_BY_NAME(.init_array.*))
 *(.init_array*)
 .init_array    0x08004740        0x4 C:/ST/STM32CubeIDE_1.19.0/STM32CubeIDE/plugins/com.st.stm32cube.ide.mcu.externaltools.gnu-tools-for-stm32.13.3.rel1.win32_1.0.0.202411081344/tools/bin/../lib/gcc/arm-none-eabi/13.3.1/thumb/v7e-m+fp/hard/crtbegin.o
                0x08004744                        PROVIDE (__init_array_end = .)
                0x08004744                        . = ALIGN (0x4)

.fini_array     0x08004744        0x4
                0x08004744                        . = ALIGN (0x4)
                [!provide]                        PROVIDE (__fini_array_start = .)
 *(SORT_BY_NAME(.fini_array.*))
 *(.fini_array*)
 .fini_array    0x08004744        0x4 C:/ST/STM32CubeIDE_1.19.0/STM32CubeIDE/plugins/com.st.stm32cube.ide.mcu.externaltools.gnu-tools-for-stm32.13.3.rel1.win32_1.0.0.202411081344/tools/bin/../lib/gcc/arm-none-eabi/13.3.1/thumb/v7e-m+fp/hard/crtbegin.o
                [!provide]                        PROVIDE (__fini_array_end = .)
                0x08004748                        . = ALIGN (0x4)
                0x08004748                        _sidata = LOADADDR (.data)

.rel.dyn        0x08004748        0x0
 .rel.iplt      0x08004748        0x0 C:/ST/STM32CubeIDE_1.19.0/STM32CubeIDE/plugins/com.st.stm32cube.ide.mcu.externaltools.gnu-tools-for-stm32.13.3.rel1.win32_1.0.0.202411081344/tools/bin/../lib/gcc/arm-none-eabi/13.3.1/thumb/v7e-m+fp/hard/crtbegin.o

.data           0x20000000       0x30 load address 0x08004748
                0x20000000                        . = ALIGN (0x4)
                0x20000000                        _sdata = .
 *(.data)
 *(.data*)
 .data.SystemCoreClock
                0x20000000        0x4 ./Core/Src/system_stm32f4xx.o
                0x20000000                SystemCoreClock
 .data.xmodem_packet_number
                0x20000004        0x1 ./Core/Src/xmodem.o
 *fill*         0x20000005        0x3 
 .data.uwTickPrio
                0x20000008        0x4 ./Drivers/STM32F4xx_HAL_Driver/Src/stm32f4xx_hal.o
                0x20000008                uwTickPrio
 .data.uwTickFreq
                0x2000000c        0x1 ./Drivers/STM32F4xx_HAL_Driver/Src/stm32f4xx_hal.o
                0x2000000c                uwTickFreq
 *fill*         0x2000000d        0x3 
 .data.pFlash   0x20000010       0x20 ./Drivers/STM32F4xx_HAL_Driver/Src/stm32f4xx_hal_flash.o
                0x20000010                pFlash
 *(.RamFunc)
 *(.RamFunc*)
                0x20000030                        . = ALIGN (0x4)
                0x20000030                        _edata = .
                0x08004778                        _siccmram = LOADADDR (.ccmram)

.igot.plt       0x20000030        0x0 load address 0x08004778
 .igot.plt      0x20000030        0x0 C:/ST/STM32CubeIDE_1.19.0/STM32CubeIDE/plugins/com.st.stm32cube.ide.mcu.externaltools.gnu-tools-for-stm32.13.3.rel1.win32_1.0.0.202411081344/tools/bin/../lib/gcc/arm-none-eabi/13.3.1/thumb/v7e-m+fp/hard/crtbegin.o

.ccmram         0x10000000        0x0 load address 0x08004778
                0x10000000                        . = ALIGN (0x4)
                0x10000000                        _sccmram = .
 *(.ccmram)
 *(.ccmram*)
                0x10000000                        . = ALIGN (0x4)
                0x10000000                        _eccmram = .
                0x10000000                        . = ALIGN (0x4)

.bss            0x20000030      0x144
                0x20000030                        _sbss = .
                0x20000030                        __bss_start__ = _sbss
 *(.bss)
 .bss           0x20000030       0x1c C:/ST/STM32CubeIDE_1.19.0/STM32CubeIDE/plugins/com.st.stm32cube.ide.mcu.externaltools.gnu-tools-for-stm32.13.3.rel1.win32_1.0.0.202411081344/tools/bin/../lib/gcc/arm-none-eabi/13.3.1/thumb/v7e-m+fp/hard/crtbegin.o
 *(.bss*)
 .bss.hiwdg     0x2000004c        0xc ./Core/Src/main.o
                0x2000004c                hiwdg
 .bss.huart4    0x20000058       0x48 ./Core/Src/main.o
                0x20000058                huart4
 .bss.huart5    0x200000a0       0x48 ./Core/Src/main.o
                0x200000a0                huart5
 .bss.huart1    0x200000e8       0x48 ./Core/Src/main.o
                0x200000e8                huart1
 .bss.JumpToApplication
                0x20000130        0x4 ./Core/Src/main.o
                0x20000130                JumpToApplication
 .bss.JumpAddress
                0x20000134        0x4 ./Core/Src/main.o
                0x20000134                JumpAddress
 .bss.FlashProtection
                0x20000138        0x4 ./Core/Src/main.o
                0x20000138                FlashProtection
 .bss.uart4_buffer
                0x2000013c       0x10 ./Core/Src/uart.o
                0x2000013c                uart4_buffer
 .bss.uart4_data
                0x2000014c        0x1 ./Core/Src/uart.o
 *fill*         0x2000014d        0x3 
 .bss.uart5_buffer
                0x20000150       0x10 ./Core/Src/uart.o
                0x20000150                uart5_buffer
 .bss.uart5_data
                0x20000160        0x1 ./Core/Src/uart.o
 .bss.uart4_interupt_enabled
                0x20000161        0x1 ./Core/Src/uart.o
 .bss.uart5_interupt_enabled
                0x20000162        0x1 ./Core/Src/uart.o
 *fill*         0x20000163        0x1 
 .bss.xmodem_actual_flash_address
                0x20000164        0x4 ./Core/Src/xmodem.o
 .bss.x_first_packet_received
                0x20000168        0x1 ./Core/Src/xmodem.o
 *fill*         0x20000169        0x3 
 .bss.check_count
                0x2000016c        0x4 ./Core/Src/xmodem.o
 .bss.uwTick    0x20000170        0x4 ./Drivers/STM32F4xx_HAL_Driver/Src/stm32f4xx_hal.o
                0x20000170                uwTick
 *(COMMON)
                0x20000174                        . = ALIGN (0x4)
                0x20000174                        _ebss = .
                0x20000174                        __bss_end__ = _ebss

._user_heap_stack
                0x20000174      0x604
                0x20000178                        . = ALIGN (0x8)
 *fill*         0x20000174        0x4 
                [!provide]                        PROVIDE (end = .)
                0x20000178                        PROVIDE (_end = .)
                0x20000378                        . = (. + _Min_Heap_Size)
 *fill*         0x20000178      0x200 
                0x20000778                        . = (. + _Min_Stack_Size)
 *fill*         0x20000378      0x400 
                0x20000778                        . = ALIGN (0x8)

/DISCARD/
 libc.a(*)
 libm.a(*)
 libgcc.a(*)

.ARM.attributes
                0x00000000       0x30
 *(.ARM.attributes)
 .ARM.attributes
                0x00000000       0x22 C:/ST/STM32CubeIDE_1.19.0/STM32CubeIDE/plugins/com.st.stm32cube.ide.mcu.externaltools.gnu-tools-for-stm32.13.3.rel1.win32_1.0.0.202411081344/tools/bin/../lib/gcc/arm-none-eabi/13.3.1/thumb/v7e-m+fp/hard/crti.o
 .ARM.attributes
                0x00000022       0x34 C:/ST/STM32CubeIDE_1.19.0/STM32CubeIDE/plugins/com.st.stm32cube.ide.mcu.externaltools.gnu-tools-for-stm32.13.3.rel1.win32_1.0.0.202411081344/tools/bin/../lib/gcc/arm-none-eabi/13.3.1/thumb/v7e-m+fp/hard/crtbegin.o
 .ARM.attributes
                0x00000056       0x34 ./Core/Src/flash_if.o
 .ARM.attributes
                0x0000008a       0x34 ./Core/Src/main.o
 .ARM.attributes
                0x000000be       0x34 ./Core/Src/ringbuf.o
 .ARM.attributes
                0x000000f2       0x34 ./Core/Src/stm32f4xx_hal_msp.o
 .ARM.attributes
                0x00000126       0x34 ./Core/Src/stm32f4xx_it.o
 .ARM.attributes
                0x0000015a       0x34 ./Core/Src/system_stm32f4xx.o
 .ARM.attributes
                0x0000018e       0x34 ./Core/Src/uart.o
 .ARM.attributes
                0x000001c2       0x34 ./Core/Src/xmodem.o
 .ARM.attributes
                0x000001f6       0x21 ./Core/Startup/startup_stm32f407vgtx.o
 .ARM.attributes
                0x00000217       0x34 ./Drivers/STM32F4xx_HAL_Driver/Src/stm32f4xx_hal.o
 .ARM.attributes
                0x0000024b       0x34 ./Drivers/STM32F4xx_HAL_Driver/Src/stm32f4xx_hal_cortex.o
 .ARM.attributes
                0x0000027f       0x34 ./Drivers/STM32F4xx_HAL_Driver/Src/stm32f4xx_hal_dma.o
 .ARM.attributes
                0x000002b3       0x34 ./Drivers/STM32F4xx_HAL_Driver/Src/stm32f4xx_hal_flash.o
 .ARM.attributes
                0x000002e7       0x34 ./Drivers/STM32F4xx_HAL_Driver/Src/stm32f4xx_hal_flash_ex.o
 .ARM.attributes
                0x0000031b       0x34 ./Drivers/STM32F4xx_HAL_Driver/Src/stm32f4xx_hal_gpio.o
 .ARM.attributes
                0x0000034f       0x34 ./Drivers/STM32F4xx_HAL_Driver/Src/stm32f4xx_hal_iwdg.o
 .ARM.attributes
                0x00000383       0x34 ./Drivers/STM32F4xx_HAL_Driver/Src/stm32f4xx_hal_rcc.o
 .ARM.attributes
                0x000003b7       0x34 ./Drivers/STM32F4xx_HAL_Driver/Src/stm32f4xx_hal_uart.o
 .ARM.attributes
                0x000003eb       0x34 C:/ST/STM32CubeIDE_1.19.0/STM32CubeIDE/plugins/com.st.stm32cube.ide.mcu.externaltools.gnu-tools-for-stm32.13.3.rel1.win32_1.0.0.202411081344/tools/bin/../lib/gcc/arm-none-eabi/13.3.1/../../../../arm-none-eabi/lib/thumb/v7e-m+fp/hard\libc_nano.a(libc_a-memset.o)
 .ARM.attributes
                0x0000041f       0x34 C:/ST/STM32CubeIDE_1.19.0/STM32CubeIDE/plugins/com.st.stm32cube.ide.mcu.externaltools.gnu-tools-for-stm32.13.3.rel1.win32_1.0.0.202411081344/tools/bin/../lib/gcc/arm-none-eabi/13.3.1/../../../../arm-none-eabi/lib/thumb/v7e-m+fp/hard\libc_nano.a(libc_a-init.o)
 .ARM.attributes
                0x00000453       0x22 C:/ST/STM32CubeIDE_1.19.0/STM32CubeIDE/plugins/com.st.stm32cube.ide.mcu.externaltools.gnu-tools-for-stm32.13.3.rel1.win32_1.0.0.202411081344/tools/bin/../lib/gcc/arm-none-eabi/13.3.1/thumb/v7e-m+fp/hard\libgcc.a(_aeabi_uldivmod.o)
 .ARM.attributes
                0x00000475       0x34 C:/ST/STM32CubeIDE_1.19.0/STM32CubeIDE/plugins/com.st.stm32cube.ide.mcu.externaltools.gnu-tools-for-stm32.13.3.rel1.win32_1.0.0.202411081344/tools/bin/../lib/gcc/arm-none-eabi/13.3.1/thumb/v7e-m+fp/hard\libgcc.a(_udivmoddi4.o)
 .ARM.attributes
                0x000004a9       0x22 C:/ST/STM32CubeIDE_1.19.0/STM32CubeIDE/plugins/com.st.stm32cube.ide.mcu.externaltools.gnu-tools-for-stm32.13.3.rel1.win32_1.0.0.202411081344/tools/bin/../lib/gcc/arm-none-eabi/13.3.1/thumb/v7e-m+fp/hard\libgcc.a(_dvmd_tls.o)
 .ARM.attributes
                0x000004cb       0x22 C:/ST/STM32CubeIDE_1.19.0/STM32CubeIDE/plugins/com.st.stm32cube.ide.mcu.externaltools.gnu-tools-for-stm32.13.3.rel1.win32_1.0.0.202411081344/tools/bin/../lib/gcc/arm-none-eabi/13.3.1/thumb/v7e-m+fp/hard/crtn.o
OUTPUT(hmc_receiver_boot_v1.elf elf32-littlearm)
LOAD linker stubs
LOAD C:/ST/STM32CubeIDE_1.19.0/STM32CubeIDE/plugins/com.st.stm32cube.ide.mcu.externaltools.gnu-tools-for-stm32.13.3.rel1.win32_1.0.0.202411081344/tools/bin/../lib/gcc/arm-none-eabi/13.3.1/../../../../arm-none-eabi/lib/thumb/v7e-m+fp/hard\libc.a
LOAD C:/ST/STM32CubeIDE_1.19.0/STM32CubeIDE/plugins/com.st.stm32cube.ide.mcu.externaltools.gnu-tools-for-stm32.13.3.rel1.win32_1.0.0.202411081344/tools/bin/../lib/gcc/arm-none-eabi/13.3.1/../../../../arm-none-eabi/lib/thumb/v7e-m+fp/hard\libm.a
LOAD C:/ST/STM32CubeIDE_1.19.0/STM32CubeIDE/plugins/com.st.stm32cube.ide.mcu.externaltools.gnu-tools-for-stm32.13.3.rel1.win32_1.0.0.202411081344/tools/bin/../lib/gcc/arm-none-eabi/13.3.1/thumb/v7e-m+fp/hard\libgcc.a

.debug_info     0x00000000     0xa7f8
 .debug_info    0x00000000      0x509 ./Core/Src/flash_if.o
 .debug_info    0x00000509      0xf91 ./Core/Src/main.o
 .debug_info    0x0000149a      0x1a0 ./Core/Src/ringbuf.o
 .debug_info    0x0000163a      0xbe4 ./Core/Src/stm32f4xx_hal_msp.o
 .debug_info    0x0000221e      0x651 ./Core/Src/stm32f4xx_it.o
 .debug_info    0x0000286f      0x512 ./Core/Src/system_stm32f4xx.o
 .debug_info    0x00002d81      0x965 ./Core/Src/uart.o
 .debug_info    0x000036e6      0x482 ./Core/Src/xmodem.o
 .debug_info    0x00003b68       0x30 ./Core/Startup/startup_stm32f407vgtx.o
 .debug_info    0x00003b98      0x944 ./Drivers/STM32F4xx_HAL_Driver/Src/stm32f4xx_hal.o
 .debug_info    0x000044dc      0xd8c ./Drivers/STM32F4xx_HAL_Driver/Src/stm32f4xx_hal_cortex.o
 .debug_info    0x00005268      0x8e7 ./Drivers/STM32F4xx_HAL_Driver/Src/stm32f4xx_hal_dma.o
 .debug_info    0x00005b4f      0x57d ./Drivers/STM32F4xx_HAL_Driver/Src/stm32f4xx_hal_flash.o
 .debug_info    0x000060cc      0x67f ./Drivers/STM32F4xx_HAL_Driver/Src/stm32f4xx_hal_flash_ex.o
 .debug_info    0x0000674b      0x6c3 ./Drivers/STM32F4xx_HAL_Driver/Src/stm32f4xx_hal_gpio.o
 .debug_info    0x00006e0e      0x1d8 ./Drivers/STM32F4xx_HAL_Driver/Src/stm32f4xx_hal_iwdg.o
 .debug_info    0x00006fe6      0x8c3 ./Drivers/STM32F4xx_HAL_Driver/Src/stm32f4xx_hal_rcc.o
 .debug_info    0x000078a9     0x2f4f ./Drivers/STM32F4xx_HAL_Driver/Src/stm32f4xx_hal_uart.o

.debug_abbrev   0x00000000     0x23af
 .debug_abbrev  0x00000000      0x1f8 ./Core/Src/flash_if.o
 .debug_abbrev  0x000001f8      0x34b ./Core/Src/main.o
 .debug_abbrev  0x00000543       0xe5 ./Core/Src/ringbuf.o
 .debug_abbrev  0x00000628      0x1cc ./Core/Src/stm32f4xx_hal_msp.o
 .debug_abbrev  0x000007f4      0x177 ./Core/Src/stm32f4xx_it.o
 .debug_abbrev  0x0000096b      0x11a ./Core/Src/system_stm32f4xx.o
 .debug_abbrev  0x00000a85      0x226 ./Core/Src/uart.o
 .debug_abbrev  0x00000cab      0x1b1 ./Core/Src/xmodem.o
 .debug_abbrev  0x00000e5c       0x24 ./Core/Startup/startup_stm32f407vgtx.o
 .debug_abbrev  0x00000e80      0x214 ./Drivers/STM32F4xx_HAL_Driver/Src/stm32f4xx_hal.o
 .debug_abbrev  0x00001094      0x31d ./Drivers/STM32F4xx_HAL_Driver/Src/stm32f4xx_hal_cortex.o
 .debug_abbrev  0x000013b1      0x264 ./Drivers/STM32F4xx_HAL_Driver/Src/stm32f4xx_hal_dma.o
 .debug_abbrev  0x00001615      0x28c ./Drivers/STM32F4xx_HAL_Driver/Src/stm32f4xx_hal_flash.o
 .debug_abbrev  0x000018a1      0x249 ./Drivers/STM32F4xx_HAL_Driver/Src/stm32f4xx_hal_flash_ex.o
 .debug_abbrev  0x00001aea      0x1d4 ./Drivers/STM32F4xx_HAL_Driver/Src/stm32f4xx_hal_gpio.o
 .debug_abbrev  0x00001cbe      0x12c ./Drivers/STM32F4xx_HAL_Driver/Src/stm32f4xx_hal_iwdg.o
 .debug_abbrev  0x00001dea      0x2b7 ./Drivers/STM32F4xx_HAL_Driver/Src/stm32f4xx_hal_rcc.o
 .debug_abbrev  0x000020a1      0x30e ./Drivers/STM32F4xx_HAL_Driver/Src/stm32f4xx_hal_uart.o

.debug_aranges  0x00000000      0x988
 .debug_aranges
                0x00000000       0x50 ./Core/Src/flash_if.o
 .debug_aranges
                0x00000050       0x78 ./Core/Src/main.o
 .debug_aranges
                0x000000c8       0x30 ./Core/Src/ringbuf.o
 .debug_aranges
                0x000000f8       0x30 ./Core/Src/stm32f4xx_hal_msp.o
 .debug_aranges
                0x00000128       0x70 ./Core/Src/stm32f4xx_it.o
 .debug_aranges
                0x00000198       0x28 ./Core/Src/system_stm32f4xx.o
 .debug_aranges
                0x000001c0       0x68 ./Core/Src/uart.o
 .debug_aranges
                0x00000228       0x40 ./Core/Src/xmodem.o
 .debug_aranges
                0x00000268       0x28 ./Core/Startup/startup_stm32f407vgtx.o
 .debug_aranges
                0x00000290       0xf0 ./Drivers/STM32F4xx_HAL_Driver/Src/stm32f4xx_hal.o
 .debug_aranges
                0x00000380      0x130 ./Drivers/STM32F4xx_HAL_Driver/Src/stm32f4xx_hal_cortex.o
 .debug_aranges
                0x000004b0       0x90 ./Drivers/STM32F4xx_HAL_Driver/Src/stm32f4xx_hal_dma.o
 .debug_aranges
                0x00000540       0xa0 ./Drivers/STM32F4xx_HAL_Driver/Src/stm32f4xx_hal_flash.o
 .debug_aranges
                0x000005e0       0x98 ./Drivers/STM32F4xx_HAL_Driver/Src/stm32f4xx_hal_flash_ex.o
 .debug_aranges
                0x00000678       0x58 ./Drivers/STM32F4xx_HAL_Driver/Src/stm32f4xx_hal_gpio.o
 .debug_aranges
                0x000006d0       0x28 ./Drivers/STM32F4xx_HAL_Driver/Src/stm32f4xx_hal_iwdg.o
 .debug_aranges
                0x000006f8       0x88 ./Drivers/STM32F4xx_HAL_Driver/Src/stm32f4xx_hal_rcc.o
 .debug_aranges
                0x00000780      0x208 ./Drivers/STM32F4xx_HAL_Driver/Src/stm32f4xx_hal_uart.o

.debug_rnglists
                0x00000000      0x72e
 .debug_rnglists
                0x00000000       0x39 ./Core/Src/flash_if.o
 .debug_rnglists
                0x00000039       0x58 ./Core/Src/main.o
 .debug_rnglists
                0x00000091       0x1f ./Core/Src/ringbuf.o
 .debug_rnglists
                0x000000b0       0x21 ./Core/Src/stm32f4xx_hal_msp.o
 .debug_rnglists
                0x000000d1       0x4f ./Core/Src/stm32f4xx_it.o
 .debug_rnglists
                0x00000120       0x1a ./Core/Src/system_stm32f4xx.o
 .debug_rnglists
                0x0000013a       0x4a ./Core/Src/uart.o
 .debug_rnglists
                0x00000184       0x2d ./Core/Src/xmodem.o
 .debug_rnglists
                0x000001b1       0x19 ./Core/Startup/startup_stm32f407vgtx.o
 .debug_rnglists
                0x000001ca       0xaf ./Drivers/STM32F4xx_HAL_Driver/Src/stm32f4xx_hal.o
 .debug_rnglists
                0x00000279       0xe0 ./Drivers/STM32F4xx_HAL_Driver/Src/stm32f4xx_hal_cortex.o
 .debug_rnglists
                0x00000359       0x70 ./Drivers/STM32F4xx_HAL_Driver/Src/stm32f4xx_hal_dma.o
 .debug_rnglists
                0x000003c9       0x78 ./Drivers/STM32F4xx_HAL_Driver/Src/stm32f4xx_hal_flash.o
 .debug_rnglists
                0x00000441       0x72 ./Drivers/STM32F4xx_HAL_Driver/Src/stm32f4xx_hal_flash_ex.o
 .debug_rnglists
                0x000004b3       0x3f ./Drivers/STM32F4xx_HAL_Driver/Src/stm32f4xx_hal_gpio.o
 .debug_rnglists
                0x000004f2       0x1a ./Drivers/STM32F4xx_HAL_Driver/Src/stm32f4xx_hal_iwdg.o
 .debug_rnglists
                0x0000050c       0x66 ./Drivers/STM32F4xx_HAL_Driver/Src/stm32f4xx_hal_rcc.o
 .debug_rnglists
                0x00000572      0x1bc ./Drivers/STM32F4xx_HAL_Driver/Src/stm32f4xx_hal_uart.o

.debug_macro    0x00000000    0x20451
 .debug_macro   0x00000000      0x1d3 ./Core/Src/flash_if.o
 .debug_macro   0x000001d3      0xad8 ./Core/Src/flash_if.o
 .debug_macro   0x00000cab      0x29b ./Core/Src/flash_if.o
 .debug_macro   0x00000f46       0x2e ./Core/Src/flash_if.o
 .debug_macro   0x00000f74       0x2f ./Core/Src/flash_if.o
 .debug_macro   0x00000fa3       0x22 ./Core/Src/flash_if.o
 .debug_macro   0x00000fc5       0x8e ./Core/Src/flash_if.o
 .debug_macro   0x00001053       0x51 ./Core/Src/flash_if.o
 .debug_macro   0x000010a4      0x103 ./Core/Src/flash_if.o
 .debug_macro   0x000011a7       0x6a ./Core/Src/flash_if.o
 .debug_macro   0x00001211      0x1df ./Core/Src/flash_if.o
 .debug_macro   0x000013f0       0x1c ./Core/Src/flash_if.o
 .debug_macro   0x0000140c       0x22 ./Core/Src/flash_if.o
 .debug_macro   0x0000142e       0xfb ./Core/Src/flash_if.o
 .debug_macro   0x00001529     0x1011 ./Core/Src/flash_if.o
 .debug_macro   0x0000253a      0x11f ./Core/Src/flash_if.o
 .debug_macro   0x00002659    0x15ea5 ./Core/Src/flash_if.o
 .debug_macro   0x000184fe       0x6d ./Core/Src/flash_if.o
 .debug_macro   0x0001856b     0x3693 ./Core/Src/flash_if.o
 .debug_macro   0x0001bbfe      0x190 ./Core/Src/flash_if.o
 .debug_macro   0x0001bd8e       0x5c ./Core/Src/flash_if.o
 .debug_macro   0x0001bdea      0x980 ./Core/Src/flash_if.o
 .debug_macro   0x0001c76a      0x9e9 ./Core/Src/flash_if.o
 .debug_macro   0x0001d153      0x115 ./Core/Src/flash_if.o
 .debug_macro   0x0001d268      0x13e ./Core/Src/flash_if.o
 .debug_macro   0x0001d3a6       0xa5 ./Core/Src/flash_if.o
 .debug_macro   0x0001d44b      0x174 ./Core/Src/flash_if.o
 .debug_macro   0x0001d5bf      0x287 ./Core/Src/flash_if.o
 .debug_macro   0x0001d846       0x5f ./Core/Src/flash_if.o
 .debug_macro   0x0001d8a5      0x236 ./Core/Src/flash_if.o
 .debug_macro   0x0001dadb      0x12c ./Core/Src/flash_if.o
 .debug_macro   0x0001dc07      0x21e ./Core/Src/flash_if.o
 .debug_macro   0x0001de25       0x2e ./Core/Src/flash_if.o
 .debug_macro   0x0001de53       0x78 ./Core/Src/flash_if.o
 .debug_macro   0x0001decb      0x127 ./Core/Src/flash_if.o
 .debug_macro   0x0001dff2       0x7e ./Core/Src/flash_if.o
 .debug_macro   0x0001e070       0x89 ./Core/Src/flash_if.o
 .debug_macro   0x0001e0f9      0x2aa ./Core/Src/flash_if.o
 .debug_macro   0x0001e3a3      0x12d ./Core/Src/flash_if.o
 .debug_macro   0x0001e4d0       0xac ./Core/Src/flash_if.o
 .debug_macro   0x0001e57c      0x20e ./Core/Src/main.o
 .debug_macro   0x0001e78a       0x88 ./Core/Src/main.o
 .debug_macro   0x0001e812       0x22 ./Core/Src/main.o
 .debug_macro   0x0001e834       0x64 ./Core/Src/main.o
 .debug_macro   0x0001e898       0xb2 ./Core/Src/main.o
 .debug_macro   0x0001e94a       0x6d ./Core/Src/ringbuf.o
 .debug_macro   0x0001e9b7      0x1d3 ./Core/Src/stm32f4xx_hal_msp.o
 .debug_macro   0x0001eb8a      0x1dd ./Core/Src/stm32f4xx_it.o
 .debug_macro   0x0001ed67      0x1c4 ./Core/Src/system_stm32f4xx.o
 .debug_macro   0x0001ef2b      0x1fd ./Core/Src/uart.o
 .debug_macro   0x0001f128      0x20e ./Core/Src/xmodem.o
 .debug_macro   0x0001f336       0x8e ./Core/Src/xmodem.o
 .debug_macro   0x0001f3c4      0x224 ./Drivers/STM32F4xx_HAL_Driver/Src/stm32f4xx_hal.o
 .debug_macro   0x0001f5e8      0x1c4 ./Drivers/STM32F4xx_HAL_Driver/Src/stm32f4xx_hal_cortex.o
 .debug_macro   0x0001f7ac      0x1ca ./Drivers/STM32F4xx_HAL_Driver/Src/stm32f4xx_hal_dma.o
 .debug_macro   0x0001f976      0x1ca ./Drivers/STM32F4xx_HAL_Driver/Src/stm32f4xx_hal_flash.o
 .debug_macro   0x0001fb40      0x1ca ./Drivers/STM32F4xx_HAL_Driver/Src/stm32f4xx_hal_flash_ex.o
 .debug_macro   0x0001fd0a      0x1ca ./Drivers/STM32F4xx_HAL_Driver/Src/stm32f4xx_hal_gpio.o
 .debug_macro   0x0001fed4      0x1d0 ./Drivers/STM32F4xx_HAL_Driver/Src/stm32f4xx_hal_iwdg.o
 .debug_macro   0x000200a4      0x1e8 ./Drivers/STM32F4xx_HAL_Driver/Src/stm32f4xx_hal_rcc.o
 .debug_macro   0x0002028c      0x1c5 ./Drivers/STM32F4xx_HAL_Driver/Src/stm32f4xx_hal_uart.o

.debug_line     0x00000000     0xc580
 .debug_line    0x00000000      0x8f8 ./Core/Src/flash_if.o
 .debug_line    0x000008f8      0xaa0 ./Core/Src/main.o
 .debug_line    0x00001398      0x4b4 ./Core/Src/ringbuf.o
 .debug_line    0x0000184c      0x7f7 ./Core/Src/stm32f4xx_hal_msp.o
 .debug_line    0x00002043      0x80c ./Core/Src/stm32f4xx_it.o
 .debug_line    0x0000284f      0x7a3 ./Core/Src/system_stm32f4xx.o
 .debug_line    0x00002ff2      0x8af ./Core/Src/uart.o
 .debug_line    0x000038a1      0x97b ./Core/Src/xmodem.o
 .debug_line    0x0000421c       0x7a ./Core/Startup/startup_stm32f407vgtx.o
 .debug_line    0x00004296      0xa1f ./Drivers/STM32F4xx_HAL_Driver/Src/stm32f4xx_hal.o
 .debug_line    0x00004cb5      0xcef ./Drivers/STM32F4xx_HAL_Driver/Src/stm32f4xx_hal_cortex.o
 .debug_line    0x000059a4      0xf8b ./Drivers/STM32F4xx_HAL_Driver/Src/stm32f4xx_hal_dma.o
 .debug_line    0x0000692f      0xac5 ./Drivers/STM32F4xx_HAL_Driver/Src/stm32f4xx_hal_flash.o
 .debug_line    0x000073f4      0xad6 ./Drivers/STM32F4xx_HAL_Driver/Src/stm32f4xx_hal_flash_ex.o
 .debug_line    0x00007eca      0xb77 ./Drivers/STM32F4xx_HAL_Driver/Src/stm32f4xx_hal_gpio.o
 .debug_line    0x00008a41      0x7ac ./Drivers/STM32F4xx_HAL_Driver/Src/stm32f4xx_hal_iwdg.o
 .debug_line    0x000091ed      0xe2c ./Drivers/STM32F4xx_HAL_Driver/Src/stm32f4xx_hal_rcc.o
 .debug_line    0x0000a019     0x2567 ./Drivers/STM32F4xx_HAL_Driver/Src/stm32f4xx_hal_uart.o

.debug_str      0x00000000    0xc0c05
 .debug_str     0x00000000    0xc0c05 ./Core/Src/flash_if.o
                              0xbdc19 (size before relaxing)
 .debug_str     0x000c0c05    0xbe7b5 ./Core/Src/main.o
 .debug_str     0x000c0c05     0x3e48 ./Core/Src/ringbuf.o
 .debug_str     0x000c0c05    0xbe01a ./Core/Src/stm32f4xx_hal_msp.o
 .debug_str     0x000c0c05    0xbda15 ./Core/Src/stm32f4xx_it.o
 .debug_str     0x000c0c05    0xbd42f ./Core/Src/system_stm32f4xx.o
 .debug_str     0x000c0c05    0xbdbb1 ./Core/Src/uart.o
 .debug_str     0x000c0c05    0xbdfce ./Core/Src/xmodem.o
 .debug_str     0x000c0c05       0xc2 ./Core/Startup/startup_stm32f407vgtx.o
 .debug_str     0x000c0c05    0xbdfb3 ./Drivers/STM32F4xx_HAL_Driver/Src/stm32f4xx_hal.o
 .debug_str     0x000c0c05    0xbdd2f ./Drivers/STM32F4xx_HAL_Driver/Src/stm32f4xx_hal_cortex.o
 .debug_str     0x000c0c05    0xbd849 ./Drivers/STM32F4xx_HAL_Driver/Src/stm32f4xx_hal_dma.o
 .debug_str     0x000c0c05    0xbd61f ./Drivers/STM32F4xx_HAL_Driver/Src/stm32f4xx_hal_flash.o
 .debug_str     0x000c0c05    0xbd66f ./Drivers/STM32F4xx_HAL_Driver/Src/stm32f4xx_hal_flash_ex.o
 .debug_str     0x000c0c05    0xbd5aa ./Drivers/STM32F4xx_HAL_Driver/Src/stm32f4xx_hal_gpio.o
 .debug_str     0x000c0c05    0xbd3e6 ./Drivers/STM32F4xx_HAL_Driver/Src/stm32f4xx_hal_iwdg.o
 .debug_str     0x000c0c05    0xbd863 ./Drivers/STM32F4xx_HAL_Driver/Src/stm32f4xx_hal_rcc.o
 .debug_str     0x000c0c05    0xbde44 ./Drivers/STM32F4xx_HAL_Driver/Src/stm32f4xx_hal_uart.o

.comment        0x00000000       0x43
 .comment       0x00000000       0x43 ./Core/Src/flash_if.o
                                 0x44 (size before relaxing)
 .comment       0x00000043       0x44 ./Core/Src/main.o
 .comment       0x00000043       0x44 ./Core/Src/ringbuf.o
 .comment       0x00000043       0x44 ./Core/Src/stm32f4xx_hal_msp.o
 .comment       0x00000043       0x44 ./Core/Src/stm32f4xx_it.o
 .comment       0x00000043       0x44 ./Core/Src/system_stm32f4xx.o
 .comment       0x00000043       0x44 ./Core/Src/uart.o
 .comment       0x00000043       0x44 ./Core/Src/xmodem.o
 .comment       0x00000043       0x44 ./Drivers/STM32F4xx_HAL_Driver/Src/stm32f4xx_hal.o
 .comment       0x00000043       0x44 ./Drivers/STM32F4xx_HAL_Driver/Src/stm32f4xx_hal_cortex.o
 .comment       0x00000043       0x44 ./Drivers/STM32F4xx_HAL_Driver/Src/stm32f4xx_hal_dma.o
 .comment       0x00000043       0x44 ./Drivers/STM32F4xx_HAL_Driver/Src/stm32f4xx_hal_flash.o
 .comment       0x00000043       0x44 ./Drivers/STM32F4xx_HAL_Driver/Src/stm32f4xx_hal_flash_ex.o
 .comment       0x00000043       0x44 ./Drivers/STM32F4xx_HAL_Driver/Src/stm32f4xx_hal_gpio.o
 .comment       0x00000043       0x44 ./Drivers/STM32F4xx_HAL_Driver/Src/stm32f4xx_hal_iwdg.o
 .comment       0x00000043       0x44 ./Drivers/STM32F4xx_HAL_Driver/Src/stm32f4xx_hal_rcc.o
 .comment       0x00000043       0x44 ./Drivers/STM32F4xx_HAL_Driver/Src/stm32f4xx_hal_uart.o

.debug_frame    0x00000000     0x2480
 .debug_frame   0x00000000      0x10c ./Core/Src/flash_if.o
 .debug_frame   0x0000010c      0x178 ./Core/Src/main.o
 .debug_frame   0x00000284       0x88 ./Core/Src/ringbuf.o
 .debug_frame   0x0000030c       0x80 ./Core/Src/stm32f4xx_hal_msp.o
 .debug_frame   0x0000038c      0x13c ./Core/Src/stm32f4xx_it.o
 .debug_frame   0x000004c8       0x58 ./Core/Src/system_stm32f4xx.o
 .debug_frame   0x00000520      0x168 ./Core/Src/uart.o
 .debug_frame   0x00000688       0xcc ./Core/Src/xmodem.o
 .debug_frame   0x00000754      0x374 ./Drivers/STM32F4xx_HAL_Driver/Src/stm32f4xx_hal.o
 .debug_frame   0x00000ac8      0x508 ./Drivers/STM32F4xx_HAL_Driver/Src/stm32f4xx_hal_cortex.o
 .debug_frame   0x00000fd0      0x250 ./Drivers/STM32F4xx_HAL_Driver/Src/stm32f4xx_hal_dma.o
 .debug_frame   0x00001220      0x274 ./Drivers/STM32F4xx_HAL_Driver/Src/stm32f4xx_hal_flash.o
 .debug_frame   0x00001494      0x250 ./Drivers/STM32F4xx_HAL_Driver/Src/stm32f4xx_hal_flash_ex.o
 .debug_frame   0x000016e4      0x14c ./Drivers/STM32F4xx_HAL_Driver/Src/stm32f4xx_hal_gpio.o
 .debug_frame   0x00001830       0x5c ./Drivers/STM32F4xx_HAL_Driver/Src/stm32f4xx_hal_iwdg.o
 .debug_frame   0x0000188c      0x1f4 ./Drivers/STM32F4xx_HAL_Driver/Src/stm32f4xx_hal_rcc.o
 .debug_frame   0x00001a80      0x954 ./Drivers/STM32F4xx_HAL_Driver/Src/stm32f4xx_hal_uart.o
 .debug_frame   0x000023d4       0x20 C:/ST/STM32CubeIDE_1.19.0/STM32CubeIDE/plugins/com.st.stm32cube.ide.mcu.externaltools.gnu-tools-for-stm32.13.3.rel1.win32_1.0.0.202411081344/tools/bin/../lib/gcc/arm-none-eabi/13.3.1/../../../../arm-none-eabi/lib/thumb/v7e-m+fp/hard\libc_nano.a(libc_a-memset.o)
 .debug_frame   0x000023f4       0x2c C:/ST/STM32CubeIDE_1.19.0/STM32CubeIDE/plugins/com.st.stm32cube.ide.mcu.externaltools.gnu-tools-for-stm32.13.3.rel1.win32_1.0.0.202411081344/tools/bin/../lib/gcc/arm-none-eabi/13.3.1/../../../../arm-none-eabi/lib/thumb/v7e-m+fp/hard\libc_nano.a(libc_a-init.o)
 .debug_frame   0x00002420       0x2c C:/ST/STM32CubeIDE_1.19.0/STM32CubeIDE/plugins/com.st.stm32cube.ide.mcu.externaltools.gnu-tools-for-stm32.13.3.rel1.win32_1.0.0.202411081344/tools/bin/../lib/gcc/arm-none-eabi/13.3.1/thumb/v7e-m+fp/hard\libgcc.a(_aeabi_uldivmod.o)
 .debug_frame   0x0000244c       0x34 C:/ST/STM32CubeIDE_1.19.0/STM32CubeIDE/plugins/com.st.stm32cube.ide.mcu.externaltools.gnu-tools-for-stm32.13.3.rel1.win32_1.0.0.202411081344/tools/bin/../lib/gcc/arm-none-eabi/13.3.1/thumb/v7e-m+fp/hard\libgcc.a(_udivmoddi4.o)

.debug_line_str
                0x00000000       0xa6
 .debug_line_str
                0x00000000       0xa6 ./Core/Startup/startup_stm32f407vgtx.o
