../Core/Src/main.c:77:6:phy_reset	8	static
../Core/Src/main.c:83:6:pmdll_reset	8	static
../Core/Src/main.c:91:6:flash_jump_to_app	16	static,ignoring_inline_asm
../Core/Src/main.c:106:6:flash_protect	8	static
../Core/Src/main.c:150:5:main	24	static
../Core/Src/main.c:307:6:SystemClock_Config	88	static
../Core/Src/main.c:354:13:MX_IWDG_Init	8	static
../Core/Src/main.c:382:13:MX_UART4_Init	8	static
../Core/Src/main.c:415:13:MX_UART5_Init	8	static
../Core/Src/main.c:448:13:MX_USART1_UART_Init	8	static
../Core/Src/main.c:481:13:MX_GPIO_Init	48	static
../Core/Src/main.c:550:6:Error_Handler	4	static,ignoring_inline_asm
