../Core/Src/uart.c:32:13:uart_receive	24	static
../Core/Src/uart.c:49:13:uart_transmit_str	24	static
../Core/Src/uart.c:73:13:uart_transmit_ch	24	static
../Core/Src/uart.c:90:6:uart5_send	16	static
../Core/Src/uart.c:97:13:uart5_transmit_ch	24	static
../Core/Src/uart.c:114:6:HAL_UART_RxCpltCallback	16	static
../Core/Src/uart.c:137:6:uart4_Init	8	static
../Core/Src/uart.c:143:6:uart5_Init	8	static
../Core/Src/uart.c:150:6:uart4_interupt_set	16	static
../Core/Src/uart.c:163:6:uart5_interupt_set	16	static
